[diario16plus.com/sociedad/tamayo-el-youtuber-caido-de-estrella-de-internet-a-explotador-laboral_371706_102.html]
[backblue.gif]
[fade.gif]
[index.html]
[diario16plus.com/uploads/s1/37/17/09/tamayo0.jpg]
[static.comitiumanalytics.com/js/client.js]
[diario16plus.com/uploads/s1/19/50/53/8/tamayo0_6_489x275.jpg]
[diario16plus.com/uploads/s1/19/50/53/7/tamayo0_5_659x371.jpg]
[diario16plus.com/uploads/s1/19/50/53/6/tamayo0_4_1000x563.jpg]
[diario16plus.com/uploads/s1/18/33/21/1/diario16-perfil-negro_12_32x32.png]
[diario16plus.com/uploads/static/diario-16/dist/logos/apple-touch-icon-72x72.png]
[diario16plus.com/uploads/static/diario-16/dist/logos/apple-touch-icon-114x114.png]
[diario16plus.com/uploads/static/diario-16/dist/css/article-css700a.css]
[diario16plus.com/choice1ed7.js]
[diario16plus.com/uploads/s1/31/97/99/diario16-perfil-negro.png]
[diario16plus.com/uploads/s1/37/17/10/tamayo1.jpg]
[diario16plus.com/uploads/s1/37/17/11/tamayo2.jpg]
[diario16plus.com/cdn-cgi/scripts/5c5dd728/cloudflare-static/email-decode.min.js]
[cdn.nativery.com/widget/js/nat.js]
[diario16plus.com/sociedad/_/uploads/static/diario-16/dist/icons/icon-generic.svg]
[diario16plus.com/sociedad/_javascript_void(0)_]
[diario16plus.com/sociedad/_https_/diario16plus.com/registro.html_]
[diario16plus.com/uploads/static/diario-16/dist/js/article-js700a.js]
[pubtags.addoor.net/lib/contags/contags.js]
[diario16plus.com/sociedad/tamayo-el-youtuber-caido-de-estrella-de-internet-a-explotador-laboral_371706_102.html]
[diario16plus.com/uploads/static/diario-16/dist/css/article-css700a.css]
[diario16plus.com/choice1ed7.html]
[diario16plus.com/sociedad/_/uploads/static/diario-16/dist/icons/icon-generic.html]
[diario16plus.com/sociedad/_javascript_void(0)_.html]
[diario16plus.com/sociedad/_https_/diario16plus.com/registro.html]
[diario16plus.com/cdn-cgi/scripts/7d0fa10a/cloudflare-static/rocket-loader.min.js]
